
> Configure project :app
WARNING: The option setting 'android.disallowKotlinSourceSets=false' is experimental.
The current default is 'true'.

> Task :app:clean
> Task :app:preBuild UP-TO-DATE
> Task :app:preDebugBuild UP-TO-DATE
> Task :app:mergeDebugNativeDebugMetadata NO-SOURCE
> Task :app:generateDebugResources
> Task :app:packageDebugResources
> Task :app:processDebugNavigationResources
> Task :app:generateDebugAssets UP-TO-DATE
> Task :app:mergeDebugAssets
> Task :app:compressDebugAssets
> Task :app:desugarDebugFileDependencies
> Task :app:javaPreCompileDebug
> Task :app:parseDebugLocalResources
> Task :app:compileDebugNavigationResources
> Task :app:mapDebugSourceSetPaths
> Task :app:checkDebugAarMetadata
> Task :app:generateDebugRFile
> Task :app:checkDebugDuplicateClasses
> Task :app:mergeLibDexDebug
> Task :app:createDebugCompatibleScreenManifests
> Task :app:extractDeepLinksDebug
> Task :app:processDebugMainManifest
> Task :app:processDebugManifest
> Task :app:mergeDebugJniLibFolders
> Task :app:validateSigningDebug
> Task :app:writeDebugAppMetadata
> Task :app:writeDebugSigningConfigVersions
> Task :app:processDebugManifestForPackage
> Task :app:mergeDebugNativeLibs

> Task :app:stripDebugDebugSymbols
Unable to strip the following libraries, packaging them as they are: libandroidx.graphics.path.so, libdatastore_shared_counter.so. Run with --info option to learn more.

> Task :app:mergeDebugResources
> Task :app:processDebugResources
> Task :app:mergeExtDexDebug
> Task :app:kspDebugKotlin
> Task :app:compileDebugKotlin
w: file:///C:/StaticHum/NineLivesKotlin/app/src/main/java/com/ninelivesaudio/app/service/SettingsManager.kt:6:8 'class MasterKeys : Any' is deprecated. Deprecated in Java.
w: file:///C:/StaticHum/NineLivesKotlin/app/src/main/java/com/ninelivesaudio/app/service/SettingsManager.kt:30:5 This annotation is currently applied to the value parameter only, but in the future it will also be applied to field.
- To opt in to applying to both value parameter and field, add '-Xannotation-default-target=param-property' to your compiler arguments.
- To keep applying to the value parameter only, use the '@param:' annotation target.

See https://youtrack.jetbrains.com/issue/KT-73255 for more details.
w: file:///C:/StaticHum/NineLivesKotlin/app/src/main/java/com/ninelivesaudio/app/service/SettingsManager.kt:46:34 'class MasterKeys : Any' is deprecated. Deprecated in Java.
w: file:///C:/StaticHum/NineLivesKotlin/app/src/main/java/com/ninelivesaudio/app/service/SettingsManager.kt:46:57 'class MasterKeys : Any' is deprecated. Deprecated in Java.
w: file:///C:/StaticHum/NineLivesKotlin/app/src/main/java/com/ninelivesaudio/app/service/SettingsManager.kt:49:36 'static fun create(p0: String, p1: String, p2: Context, p3: EncryptedSharedPreferences.PrefKeyEncryptionScheme, p4: EncryptedSharedPreferences.PrefValueEncryptionScheme): SharedPreferences' is deprecated. Deprecated in Java.
w: file:///C:/StaticHum/NineLivesKotlin/app/src/main/java/com/ninelivesaudio/app/ui/copy/unhinged/components/RitualAction.kt:71:31 Condition is always 'true'.
w: file:///C:/StaticHum/NineLivesKotlin/app/src/main/java/com/ninelivesaudio/app/ui/copy/unhinged/components/RitualAction.kt:114:31 Condition is always 'true'.
w: file:///C:/StaticHum/NineLivesKotlin/app/src/main/java/com/ninelivesaudio/app/ui/copy/unhinged/components/RitualAction.kt:162:31 Condition is always 'true'.
w: file:///C:/StaticHum/NineLivesKotlin/app/src/main/java/com/ninelivesaudio/app/ui/copy/unhinged/components/RitualAction.kt:227:41 Condition is always 'true'.
w: file:///C:/StaticHum/NineLivesKotlin/app/src/main/java/com/ninelivesaudio/app/ui/copy/unhinged/components/RitualHeader.kt:61:27 Condition is always 'true'.
w: file:///C:/StaticHum/NineLivesKotlin/app/src/main/java/com/ninelivesaudio/app/ui/copy/unhinged/components/RitualLabel.kt:38:23 Condition is always 'true'.
w: file:///C:/StaticHum/NineLivesKotlin/app/src/main/java/com/ninelivesaudio/app/ui/copy/unhinged/components/RitualLabel.kt:114:27 Condition is always 'true'.
w: file:///C:/StaticHum/NineLivesKotlin/app/src/main/java/com/ninelivesaudio/app/ui/copy/unhinged/components/RitualLabel.kt:157:27 Condition is always 'true'.
w: file:///C:/StaticHum/NineLivesKotlin/app/src/main/java/com/ninelivesaudio/app/ui/theme/unhinged/UnhingedTheme.kt:106:20 'var statusBarColor: Int' is deprecated. Deprecated in Java.
w: file:///C:/StaticHum/NineLivesKotlin/app/src/main/java/com/ninelivesaudio/app/ui/theme/unhinged/UnhingedTheme.kt:107:20 'var navigationBarColor: Int' is deprecated. Deprecated in Java.

> Task :app:compileDebugJavaWithJavac
> Task :app:processDebugJavaRes
> Task :app:hiltSyncDebug
> Task :app:hiltAggregateDepsDebug
> Task :app:mergeDebugJavaResource
> Task :app:hiltJavaCompileDebug
> Task :app:transformDebugClassesWithAsm
> Task :app:dexBuilderDebug
> Task :app:mergeProjectDexDebug
> Task :app:packageDebug
> Task :app:createDebugApkListingFileRedirect
> Task :app:assembleDebug

BUILD SUCCESSFUL in 2m 27s
42 actionable tasks: 42 executed
Consider enabling configuration cache to speed up this build: https://docs.gradle.org/9.1.0/userguide/configuration_cache_enabling.html
